2026-05-04 16:29:14,886 - 🚀 Bot Started...
2026-05-04 16:29:18,449 - --------------------------------------------------
2026-05-04 16:29:18,449 - Price: 0.02709
2026-05-04 16:29:18,449 - Trend: strong_bullish | Structure: uptrend
2026-05-04 16:29:18,449 - Decision: no_trade
2026-05-04 16:29:18,449 - Position: None
2026-05-04 16:29:18,449 - ⚪ NO ACTION
2026-05-04 16:39:13,889 - 🚀 Bot Started...
2026-05-04 16:39:17,281 - --------------------------------------------------
2026-05-04 16:39:17,281 - Price: 0.02782
2026-05-04 16:39:17,281 - Trend: strong_bullish | Structure: uptrend
2026-05-04 16:39:17,281 - Decision: no_trade
2026-05-04 16:39:17,281 - Position: None
2026-05-04 16:39:17,281 - ⚪ NO ACTION
2026-05-04 16:44:17,314 - ⚠️ ERROR: binance GET https://api.binance.com/api/v3/exchangeInfo
2026-05-04 16:49:17,347 - ⚠️ ERROR: binance GET https://api.binance.com/api/v3/exchangeInfo
2026-05-04 16:54:17,382 - ⚠️ ERROR: binance GET https://api.binance.com/api/v3/exchangeInfo
2026-05-04 16:59:17,415 - ⚠️ ERROR: binance GET https://api.binance.com/api/v3/exchangeInfo
2026-05-04 17:04:17,449 - ⚠️ ERROR: binance GET https://api.binance.com/api/v3/exchangeInfo
2026-05-04 17:09:17,482 - ⚠️ ERROR: binance GET https://api.binance.com/api/v3/exchangeInfo
2026-05-04 17:14:17,517 - ⚠️ ERROR: binance GET https://api.binance.com/api/v3/exchangeInfo
2026-05-04 17:19:17,550 - ⚠️ ERROR: binance GET https://api.binance.com/api/v3/exchangeInfo
2026-05-04 17:24:17,583 - ⚠️ ERROR: binance GET https://api.binance.com/api/v3/exchangeInfo
2026-05-04 17:29:17,611 - ⚠️ ERROR: binance GET https://api.binance.com/api/v3/exchangeInfo
2026-05-04 17:34:17,644 - ⚠️ ERROR: binance GET https://api.binance.com/api/v3/exchangeInfo
2026-05-04 17:39:17,677 - ⚠️ ERROR: binance GET https://api.binance.com/api/v3/exchangeInfo
2026-05-04 17:44:17,715 - ⚠️ ERROR: binance GET https://api.binance.com/api/v3/exchangeInfo
2026-05-04 17:49:17,753 - ⚠️ ERROR: binance GET https://api.binance.com/api/v3/exchangeInfo
2026-05-04 17:54:17,787 - ⚠️ ERROR: binance GET https://api.binance.com/api/v3/exchangeInfo
2026-05-04 17:59:17,817 - ⚠️ ERROR: binance GET https://api.binance.com/api/v3/exchangeInfo
2026-05-04 18:04:17,831 - ⚠️ ERROR: binance GET https://api.binance.com/api/v3/exchangeInfo
2026-05-04 18:09:17,863 - ⚠️ ERROR: binance GET https://api.binance.com/api/v3/exchangeInfo
2026-05-04 18:14:17,897 - ⚠️ ERROR: binance GET https://api.binance.com/api/v3/exchangeInfo
2026-05-04 18:19:17,931 - ⚠️ ERROR: binance GET https://api.binance.com/api/v3/exchangeInfo
2026-05-04 18:24:17,967 - ⚠️ ERROR: binance GET https://api.binance.com/api/v3/exchangeInfo
2026-05-04 18:29:18,001 - ⚠️ ERROR: binance GET https://api.binance.com/api/v3/exchangeInfo
2026-05-04 18:34:18,037 - ⚠️ ERROR: binance GET https://api.binance.com/api/v3/exchangeInfo
2026-05-04 18:39:18,068 - ⚠️ ERROR: binance GET https://api.binance.com/api/v3/exchangeInfo
2026-05-04 18:44:18,104 - ⚠️ ERROR: binance GET https://api.binance.com/api/v3/exchangeInfo
2026-05-04 18:49:18,116 - ⚠️ ERROR: binance GET https://api.binance.com/api/v3/exchangeInfo
2026-05-04 18:54:18,151 - ⚠️ ERROR: binance GET https://api.binance.com/api/v3/exchangeInfo
2026-05-04 18:59:18,184 - ⚠️ ERROR: binance GET https://api.binance.com/api/v3/exchangeInfo
2026-05-04 19:04:18,219 - ⚠️ ERROR: binance GET https://api.binance.com/api/v3/exchangeInfo
